// Jest Snapshot v1, https://goo.gl/fbAQLP

exports[`AuthorList matches the snapshot 1`] = `
ShallowWrapper {
  "length": 1,
  Symbol(enzyme.__root__): [Circular],
  Symbol(enzyme.__unrendered__): <AuthorList
    authors={
      Array [
        Object {
          "firstName": "A",
          "id": 0,
          "lastName": "B",
        },
        Object {
          "firstName": "C",
          "id": 1,
          "lastName": "D",
        },
        Object {
          "firstName": "E",
          "id": 2,
          "lastName": "F",
        },
      ]
    }
    onAuthorClick={[Function]}
  />,
  Symbol(enzyme.__renderer__): Object {
    "batchedUpdates": [Function],
    "getNode": [Function],
    "render": [Function],
    "simulateEvent": [Function],
    "unmount": [Function],
  },
  Symbol(enzyme.__node__): Object {
    "instance": null,
    "key": undefined,
    "nodeType": "host",
    "props": Object {
      "children": Array [
        <AuthorListDetail
          author={
            Object {
              "firstName": "A",
              "id": 0,
              "lastName": "B",
            }
          }
          onClick={[Function]}
        />,
        <AuthorListDetail
          author={
            Object {
              "firstName": "C",
              "id": 1,
              "lastName": "D",
            }
          }
          onClick={[Function]}
        />,
        <AuthorListDetail
          author={
            Object {
              "firstName": "E",
              "id": 2,
              "lastName": "F",
            }
          }
          onClick={[Function]}
        />,
      ],
    },
    "ref": null,
    "rendered": Array [
      Object {
        "instance": null,
        "key": "0",
        "nodeType": "function",
        "props": Object {
          "author": Object {
            "firstName": "A",
            "id": 0,
            "lastName": "B",
          },
          "onClick": [Function],
        },
        "ref": null,
        "rendered": null,
        "type": [Function],
      },
      Object {
        "instance": null,
        "key": "1",
        "nodeType": "function",
        "props": Object {
          "author": Object {
            "firstName": "C",
            "id": 1,
            "lastName": "D",
          },
          "onClick": [Function],
        },
        "ref": null,
        "rendered": null,
        "type": [Function],
      },
      Object {
        "instance": null,
        "key": "2",
        "nodeType": "function",
        "props": Object {
          "author": Object {
            "firstName": "E",
            "id": 2,
            "lastName": "F",
          },
          "onClick": [Function],
        },
        "ref": null,
        "rendered": null,
        "type": [Function],
      },
    ],
    "type": "div",
  },
  Symbol(enzyme.__nodes__): Array [
    Object {
      "instance": null,
      "key": undefined,
      "nodeType": "host",
      "props": Object {
        "children": Array [
          <AuthorListDetail
            author={
              Object {
                "firstName": "A",
                "id": 0,
                "lastName": "B",
              }
            }
            onClick={[Function]}
          />,
          <AuthorListDetail
            author={
              Object {
                "firstName": "C",
                "id": 1,
                "lastName": "D",
              }
            }
            onClick={[Function]}
          />,
          <AuthorListDetail
            author={
              Object {
                "firstName": "E",
                "id": 2,
                "lastName": "F",
              }
            }
            onClick={[Function]}
          />,
        ],
      },
      "ref": null,
      "rendered": Array [
        Object {
          "instance": null,
          "key": "0",
          "nodeType": "function",
          "props": Object {
            "author": Object {
              "firstName": "A",
              "id": 0,
              "lastName": "B",
            },
            "onClick": [Function],
          },
          "ref": null,
          "rendered": null,
          "type": [Function],
        },
        Object {
          "instance": null,
          "key": "1",
          "nodeType": "function",
          "props": Object {
            "author": Object {
              "firstName": "C",
              "id": 1,
              "lastName": "D",
            },
            "onClick": [Function],
          },
          "ref": null,
          "rendered": null,
          "type": [Function],
        },
        Object {
          "instance": null,
          "key": "2",
          "nodeType": "function",
          "props": Object {
            "author": Object {
              "firstName": "E",
              "id": 2,
              "lastName": "F",
            },
            "onClick": [Function],
          },
          "ref": null,
          "rendered": null,
          "type": [Function],
        },
      ],
      "type": "div",
    },
  ],
  Symbol(enzyme.__options__): Object {
    "adapter": ReactSixteenAdapter {
      "options": Object {
        "enableComponentDidUpdateOnSetState": true,
      },
    },
  },
}
`;
