// Jest Snapshot v1, https://goo.gl/fbAQLP

exports[`AuthorForm with "author" populated renders correctly 1`] = `
ShallowWrapper {
  "length": 1,
  Symbol(enzyme.__root__): [Circular],
  Symbol(enzyme.__unrendered__): <AuthorForm
    author={Object {}}
    onCancel={[Function]}
    onInputChange={[Function]}
    onSubmit={[Function]}
  />,
  Symbol(enzyme.__renderer__): Object {
    "batchedUpdates": [Function],
    "getNode": [Function],
    "render": [Function],
    "simulateEvent": [Function],
    "unmount": [Function],
  },
  Symbol(enzyme.__node__): Object {
    "instance": null,
    "key": undefined,
    "nodeType": "host",
    "props": Object {
      "children": Array [
        <InputField
          boundValue="Aldous"
          label="First name"
          name="firstName"
          onInputChange={[Function]}
        />,
        <InputField
          boundValue="Huxley"
          label="Last name"
          name="lastName"
          onInputChange={[Function]}
        />,
        <div
          className="input-field"
        >
          <Button
            canSubmit={true}
            onClick={[Function]}
            position="left"
            text="Submit"
            type="success"
          />
          <Button
            extraClasses="float-right"
            onClick={[Function]}
            text="Cancel"
            type="info"
          />
        </div>,
      ],
      "className": "bookly-form bookly-author-form",
      "noValidate": true,
      "onSubmit": [Function],
    },
    "ref": null,
    "rendered": Array [
      Object {
        "instance": null,
        "key": undefined,
        "nodeType": "function",
        "props": Object {
          "boundValue": "Aldous",
          "label": "First name",
          "name": "firstName",
          "onInputChange": [Function],
        },
        "ref": null,
        "rendered": null,
        "type": [Function],
      },
      Object {
        "instance": null,
        "key": undefined,
        "nodeType": "function",
        "props": Object {
          "boundValue": "Huxley",
          "label": "Last name",
          "name": "lastName",
          "onInputChange": [Function],
        },
        "ref": null,
        "rendered": null,
        "type": [Function],
      },
      Object {
        "instance": null,
        "key": undefined,
        "nodeType": "host",
        "props": Object {
          "children": Array [
            <Button
              canSubmit={true}
              onClick={[Function]}
              position="left"
              text="Submit"
              type="success"
            />,
            <Button
              extraClasses="float-right"
              onClick={[Function]}
              text="Cancel"
              type="info"
            />,
          ],
          "className": "input-field",
        },
        "ref": null,
        "rendered": Array [
          Object {
            "instance": null,
            "key": undefined,
            "nodeType": "function",
            "props": Object {
              "canSubmit": true,
              "onClick": [Function],
              "position": "left",
              "text": "Submit",
              "type": "success",
            },
            "ref": null,
            "rendered": null,
            "type": [Function],
          },
          Object {
            "instance": null,
            "key": undefined,
            "nodeType": "function",
            "props": Object {
              "extraClasses": "float-right",
              "onClick": [Function],
              "text": "Cancel",
              "type": "info",
            },
            "ref": null,
            "rendered": null,
            "type": [Function],
          },
        ],
        "type": "div",
      },
    ],
    "type": "form",
  },
  Symbol(enzyme.__nodes__): Array [
    Object {
      "instance": null,
      "key": undefined,
      "nodeType": "host",
      "props": Object {
        "children": Array [
          <InputField
            boundValue="Aldous"
            label="First name"
            name="firstName"
            onInputChange={[Function]}
          />,
          <InputField
            boundValue="Huxley"
            label="Last name"
            name="lastName"
            onInputChange={[Function]}
          />,
          <div
            className="input-field"
          >
            <Button
              canSubmit={true}
              onClick={[Function]}
              position="left"
              text="Submit"
              type="success"
            />
            <Button
              extraClasses="float-right"
              onClick={[Function]}
              text="Cancel"
              type="info"
            />
          </div>,
        ],
        "className": "bookly-form bookly-author-form",
        "noValidate": true,
        "onSubmit": [Function],
      },
      "ref": null,
      "rendered": Array [
        Object {
          "instance": null,
          "key": undefined,
          "nodeType": "function",
          "props": Object {
            "boundValue": "Aldous",
            "label": "First name",
            "name": "firstName",
            "onInputChange": [Function],
          },
          "ref": null,
          "rendered": null,
          "type": [Function],
        },
        Object {
          "instance": null,
          "key": undefined,
          "nodeType": "function",
          "props": Object {
            "boundValue": "Huxley",
            "label": "Last name",
            "name": "lastName",
            "onInputChange": [Function],
          },
          "ref": null,
          "rendered": null,
          "type": [Function],
        },
        Object {
          "instance": null,
          "key": undefined,
          "nodeType": "host",
          "props": Object {
            "children": Array [
              <Button
                canSubmit={true}
                onClick={[Function]}
                position="left"
                text="Submit"
                type="success"
              />,
              <Button
                extraClasses="float-right"
                onClick={[Function]}
                text="Cancel"
                type="info"
              />,
            ],
            "className": "input-field",
          },
          "ref": null,
          "rendered": Array [
            Object {
              "instance": null,
              "key": undefined,
              "nodeType": "function",
              "props": Object {
                "canSubmit": true,
                "onClick": [Function],
                "position": "left",
                "text": "Submit",
                "type": "success",
              },
              "ref": null,
              "rendered": null,
              "type": [Function],
            },
            Object {
              "instance": null,
              "key": undefined,
              "nodeType": "function",
              "props": Object {
                "extraClasses": "float-right",
                "onClick": [Function],
                "text": "Cancel",
                "type": "info",
              },
              "ref": null,
              "rendered": null,
              "type": [Function],
            },
          ],
          "type": "div",
        },
      ],
      "type": "form",
    },
  ],
  Symbol(enzyme.__options__): Object {
    "adapter": ReactSixteenAdapter {
      "options": Object {
        "enableComponentDidUpdateOnSetState": true,
      },
    },
  },
}
`;
