// Jest Snapshot v1, https://goo.gl/fbAQLP

exports[`Button matches the snapshot 1`] = `
ShallowWrapper {
  "complexSelector": ComplexSelector {
    "buildPredicate": [Function],
    "childrenOfNode": [Function],
    "findWhereUnwrapped": [Function],
  },
  "length": 1,
  "node": <button
    className="bookly-button button-success"
    onClick={[Function]}
    type="button"
>
    ButtonText
</button>,
  "nodes": Array [
    <button
      className="bookly-button button-success"
      onClick={[Function]}
      type="button"
>
      ButtonText
</button>,
  ],
  "options": Object {},
  "renderer": ReactShallowRenderer {
    "_instance": ShallowComponentWrapper {
      "_calledComponentWillUnmount": false,
      "_compositeType": 2,
      "_context": Object {},
      "_currentElement": <Button
        onClick={[Function]}
        text="ButtonText"
        type="success"
/>,
      "_debugID": 1,
      "_hostContainerInfo": null,
      "_hostParent": null,
      "_instance": StatelessComponent {
        "_reactInternalInstance": [Circular],
        "context": Object {},
        "props": Object {
          "onClick": [Function],
          "text": "ButtonText",
          "type": "success",
        },
        "refs": Object {},
        "state": null,
        "updater": Object {
          "enqueueCallback": [Function],
          "enqueueCallbackInternal": [Function],
          "enqueueElementInternal": [Function],
          "enqueueForceUpdate": [Function],
          "enqueueReplaceState": [Function],
          "enqueueSetState": [Function],
          "isMounted": [Function],
          "validateCallback": [Function],
        },
      },
      "_mountOrder": 1,
      "_pendingCallbacks": null,
      "_pendingElement": null,
      "_pendingForceUpdate": false,
      "_pendingReplaceState": false,
      "_pendingStateQueue": null,
      "_renderedComponent": NoopInternalComponent {
        "_currentElement": <button
          className="bookly-button button-success"
          onClick={[Function]}
          type="button"
>
          ButtonText
</button>,
        "_debugID": 2,
        "_renderedOutput": <button
          className="bookly-button button-success"
          onClick={[Function]}
          type="button"
>
          ButtonText
</button>,
      },
      "_renderedNodeType": 0,
      "_rootNodeID": 0,
      "_topLevelWrapper": null,
      "_updateBatchNumber": null,
      "_warnedAboutRefsInRender": false,
    },
    "getRenderOutput": [Function],
    "render": [Function],
  },
  "root": [Circular],
  "unrendered": <Button
    onClick={[Function]}
    text="ButtonText"
    type="success"
/>,
}
`;
