// Jest Snapshot v1, https://goo.gl/fbAQLP

exports[`AuthorEditView renders correctly 1`] = `
ShallowWrapper {
  "length": 1,
  Symbol(enzyme.__root__): [Circular],
  Symbol(enzyme.__unrendered__): <AuthorDetailView
    author={Object {}}
    onCancel={[Function]}
    onInputChange={[Function]}
    onSubmit={[Function]}
  />,
  Symbol(enzyme.__renderer__): Object {
    "batchedUpdates": [Function],
    "getNode": [Function],
    "render": [Function],
    "simulateEvent": [Function],
    "unmount": [Function],
  },
  Symbol(enzyme.__node__): Object {
    "instance": null,
    "key": undefined,
    "nodeType": "host",
    "props": Object {
      "children": Array [
        <h2>
          Edit Author
        </h2>,
        <AuthorForm
          author={Object {}}
          onCancel={[Function]}
          onInputChange={[Function]}
          onSubmit={[Function]}
        />,
      ],
      "className": "author-edit-view",
    },
    "ref": null,
    "rendered": Array [
      Object {
        "instance": null,
        "key": undefined,
        "nodeType": "host",
        "props": Object {
          "children": "Edit Author",
        },
        "ref": null,
        "rendered": "Edit Author",
        "type": "h2",
      },
      Object {
        "instance": null,
        "key": undefined,
        "nodeType": "function",
        "props": Object {
          "author": Object {},
          "onCancel": [Function],
          "onInputChange": [Function],
          "onSubmit": [Function],
        },
        "ref": null,
        "rendered": null,
        "type": [Function],
      },
    ],
    "type": "div",
  },
  Symbol(enzyme.__nodes__): Array [
    Object {
      "instance": null,
      "key": undefined,
      "nodeType": "host",
      "props": Object {
        "children": Array [
          <h2>
            Edit Author
          </h2>,
          <AuthorForm
            author={Object {}}
            onCancel={[Function]}
            onInputChange={[Function]}
            onSubmit={[Function]}
          />,
        ],
        "className": "author-edit-view",
      },
      "ref": null,
      "rendered": Array [
        Object {
          "instance": null,
          "key": undefined,
          "nodeType": "host",
          "props": Object {
            "children": "Edit Author",
          },
          "ref": null,
          "rendered": "Edit Author",
          "type": "h2",
        },
        Object {
          "instance": null,
          "key": undefined,
          "nodeType": "function",
          "props": Object {
            "author": Object {},
            "onCancel": [Function],
            "onInputChange": [Function],
            "onSubmit": [Function],
          },
          "ref": null,
          "rendered": null,
          "type": [Function],
        },
      ],
      "type": "div",
    },
  ],
  Symbol(enzyme.__options__): Object {
    "adapter": ReactSixteenAdapter {
      "options": Object {
        "enableComponentDidUpdateOnSetState": true,
      },
    },
  },
}
`;
